Archive member included to satisfy reference by file (symbol)

c:/program files (x86)/atmel/studio/7.0/toolchain/avr8/avr8-gnu-toolchain/bin/../lib/gcc/avr/5.4.0/avrxmega2\libgcc.a(_exit.o)
                              C:/Users/kiu/.mchp_packs/Microchip/AVR-Ex_DFP/2.3.167/gcc/dev/avr64ea32/avrxmega2/crtavr64ea32.o (exit)
c:/program files (x86)/atmel/studio/7.0/toolchain/avr8/avr8-gnu-toolchain/bin/../lib/gcc/avr/5.4.0/avrxmega2\libgcc.a(_copy_data.o)
                              build/default/production/mcc_generated_files/uart/src/usart0.o (__do_copy_data)
c:/program files (x86)/atmel/studio/7.0/toolchain/avr8/avr8-gnu-toolchain/bin/../lib/gcc/avr/5.4.0/avrxmega2\libgcc.a(_clear_bss.o)
                              build/default/production/mcc_generated_files/system/src/pins.o (__do_clear_bss)
c:/program files (x86)/atmel/studio/7.0/toolchain/avr8/avr8-gnu-toolchain/bin/../lib/gcc/avr/5.4.0/../../../../avr/lib/avrxmega2\libc.a(iob.o)
                              build/default/production/mcc_generated_files/uart/src/usart0.o (__iob)
c:/program files (x86)/atmel/studio/7.0/toolchain/avr8/avr8-gnu-toolchain/bin/../lib/gcc/avr/5.4.0/../../../../avr/lib/avrxmega2\libc.a(putchar.o)
                              build/default/production/main.o (putchar)
c:/program files (x86)/atmel/studio/7.0/toolchain/avr8/avr8-gnu-toolchain/bin/../lib/gcc/avr/5.4.0/../../../../avr/lib/avrxmega2\libc.a(puts.o)
                              build/default/production/main.o (puts)
c:/program files (x86)/atmel/studio/7.0/toolchain/avr8/avr8-gnu-toolchain/bin/../lib/gcc/avr/5.4.0/../../../../avr/lib/avrxmega2\libc.a(fputc.o)
                              c:/program files (x86)/atmel/studio/7.0/toolchain/avr8/avr8-gnu-toolchain/bin/../lib/gcc/avr/5.4.0/../../../../avr/lib/avrxmega2\libc.a(putchar.o) (fputc)

Allocating common symbols
Common symbol       size              file

USART0_OverrunErrorHandler
                    0x2               build/default/production/mcc_generated_files/uart/src/usart0.o
USART0_FramingErrorHandler
                    0x2               build/default/production/mcc_generated_files/uart/src/usart0.o
USART0_ParityErrorHandler
                    0x2               build/default/production/mcc_generated_files/uart/src/usart0.o
__iob               0x6               c:/program files (x86)/atmel/studio/7.0/toolchain/avr8/avr8-gnu-toolchain/bin/../lib/gcc/avr/5.4.0/../../../../avr/lib/avrxmega2\libc.a(iob.o)

Discarded input sections

 .data          0x00000000        0x0 C:/Users/kiu/.mchp_packs/Microchip/AVR-Ex_DFP/2.3.167/gcc/dev/avr64ea32/avrxmega2/crtavr64ea32.o
 .bss           0x00000000        0x0 C:/Users/kiu/.mchp_packs/Microchip/AVR-Ex_DFP/2.3.167/gcc/dev/avr64ea32/avrxmega2/crtavr64ea32.o
 .text          0x00000000        0x0 build/default/production/mcc_generated_files/system/src/interrupt.o
 .data          0x00000000        0x0 build/default/production/mcc_generated_files/system/src/interrupt.o
 .bss           0x00000000        0x0 build/default/production/mcc_generated_files/system/src/interrupt.o
 .text          0x00000000        0x0 build/default/production/mcc_generated_files/system/src/config_bits.o
 .data          0x00000000        0x0 build/default/production/mcc_generated_files/system/src/config_bits.o
 .bss           0x00000000        0x0 build/default/production/mcc_generated_files/system/src/config_bits.o
 .text          0x00000000        0x0 build/default/production/mcc_generated_files/system/src/pins.o
 .data          0x00000000        0x0 build/default/production/mcc_generated_files/system/src/pins.o
 .bss           0x00000000        0x0 build/default/production/mcc_generated_files/system/src/pins.o
 .text.IO_PA1_SetInterruptHandler
                0x00000000        0xa build/default/production/mcc_generated_files/system/src/pins.o
 .text.IO_PA0_SetInterruptHandler
                0x00000000        0xa build/default/production/mcc_generated_files/system/src/pins.o
 .text.IO_PC0_SetInterruptHandler
                0x00000000        0xa build/default/production/mcc_generated_files/system/src/pins.o
 .text          0x00000000        0x0 build/default/production/mcc_generated_files/system/src/system.o
 .data          0x00000000        0x0 build/default/production/mcc_generated_files/system/src/system.o
 .bss           0x00000000        0x0 build/default/production/mcc_generated_files/system/src/system.o
 .text          0x00000000        0x0 build/default/production/mcc_generated_files/system/src/protected_io.o
 .data          0x00000000        0x0 build/default/production/mcc_generated_files/system/src/protected_io.o
 .bss           0x00000000        0x0 build/default/production/mcc_generated_files/system/src/protected_io.o
 .text          0x00000000        0x0 build/default/production/mcc_generated_files/system/src/clock.o
 .data          0x00000000        0x0 build/default/production/mcc_generated_files/system/src/clock.o
 .bss           0x00000000        0x0 build/default/production/mcc_generated_files/system/src/clock.o
 .text.CFD_Enable
                0x00000000       0x10 build/default/production/mcc_generated_files/system/src/clock.o
 .text.CFD_Disable
                0x00000000       0x12 build/default/production/mcc_generated_files/system/src/clock.o
 .text          0x00000000        0x0 build/default/production/mcc_generated_files/timer/src/delay.o
 .data          0x00000000        0x0 build/default/production/mcc_generated_files/timer/src/delay.o
 .bss           0x00000000        0x0 build/default/production/mcc_generated_files/timer/src/delay.o
 .text.DELAY_microseconds
                0x00000000       0x2c build/default/production/mcc_generated_files/timer/src/delay.o
 .text          0x00000000        0x0 build/default/production/mcc_generated_files/uart/src/usart0.o
 .data          0x00000000        0x0 build/default/production/mcc_generated_files/uart/src/usart0.o
 .bss           0x00000000        0x0 build/default/production/mcc_generated_files/uart/src/usart0.o
 .text.USART0_Deinitialize
                0x00000000       0x18 build/default/production/mcc_generated_files/uart/src/usart0.o
 .text.USART0_TransmitEnable
                0x00000000        0xc build/default/production/mcc_generated_files/uart/src/usart0.o
 .text.USART0_TransmitDisable
                0x00000000        0xc build/default/production/mcc_generated_files/uart/src/usart0.o
 .text.USART0_AutoBaudSet
                0x00000000       0x28 build/default/production/mcc_generated_files/uart/src/usart0.o
 .text.USART0_AutoBaudQuery
                0x00000000        0xa build/default/production/mcc_generated_files/uart/src/usart0.o
 .text.USART0_IsRxReady
                0x00000000        0xc build/default/production/mcc_generated_files/uart/src/usart0.o
 .text.USART0_IsTxDone
                0x00000000        0xc build/default/production/mcc_generated_files/uart/src/usart0.o
 .text.USART0_ErrorGet
                0x00000000       0x72 build/default/production/mcc_generated_files/uart/src/usart0.o
 .text.USART0_Read
                0x00000000        0x6 build/default/production/mcc_generated_files/uart/src/usart0.o
 .text.USART0_Write
                0x00000000        0x6 build/default/production/mcc_generated_files/uart/src/usart0.o
 .text.USART0_FramingErrorCallbackRegister
                0x00000000        0xe build/default/production/mcc_generated_files/uart/src/usart0.o
 .text.USART0_OverrunErrorCallbackRegister
                0x00000000        0xe build/default/production/mcc_generated_files/uart/src/usart0.o
 .text.USART0_ParityErrorCallbackRegister
                0x00000000        0xe build/default/production/mcc_generated_files/uart/src/usart0.o
 .text.USART0_Enable
                0x00000000        0xc build/default/production/mcc_generated_files/uart/src/usart0.o
 .text.USART0_Disable
                0x00000000        0xc build/default/production/mcc_generated_files/uart/src/usart0.o
 .text.USART0_ReceiveEnable
                0x00000000        0xc build/default/production/mcc_generated_files/uart/src/usart0.o
 .text.USART0_ReceiveDisable
                0x00000000        0xc build/default/production/mcc_generated_files/uart/src/usart0.o
 .text.USART0_IsAutoBaudDetectError
                0x00000000        0xc build/default/production/mcc_generated_files/uart/src/usart0.o
 .text.USART0_AutoBaudDetectErrorReset
                0x00000000       0x28 build/default/production/mcc_generated_files/uart/src/usart0.o
 .rodata.UART0  0x00000000       0x30 build/default/production/mcc_generated_files/uart/src/usart0.o
 .text          0x00000000        0x0 build/default/production/main.o
 .data          0x00000000        0x0 build/default/production/main.o
 .bss           0x00000000        0x0 build/default/production/main.o
 .text          0x00000000        0x0 c:/program files (x86)/atmel/studio/7.0/toolchain/avr8/avr8-gnu-toolchain/bin/../lib/gcc/avr/5.4.0/avrxmega2\libgcc.a(_exit.o)
 .data          0x00000000        0x0 c:/program files (x86)/atmel/studio/7.0/toolchain/avr8/avr8-gnu-toolchain/bin/../lib/gcc/avr/5.4.0/avrxmega2\libgcc.a(_exit.o)
 .bss           0x00000000        0x0 c:/program files (x86)/atmel/studio/7.0/toolchain/avr8/avr8-gnu-toolchain/bin/../lib/gcc/avr/5.4.0/avrxmega2\libgcc.a(_exit.o)
 .text.libgcc.mul
                0x00000000        0x0 c:/program files (x86)/atmel/studio/7.0/toolchain/avr8/avr8-gnu-toolchain/bin/../lib/gcc/avr/5.4.0/avrxmega2\libgcc.a(_exit.o)
 .text.libgcc.div
                0x00000000        0x0 c:/program files (x86)/atmel/studio/7.0/toolchain/avr8/avr8-gnu-toolchain/bin/../lib/gcc/avr/5.4.0/avrxmega2\libgcc.a(_exit.o)
 .text.libgcc   0x00000000        0x0 c:/program files (x86)/atmel/studio/7.0/toolchain/avr8/avr8-gnu-toolchain/bin/../lib/gcc/avr/5.4.0/avrxmega2\libgcc.a(_exit.o)
 .text.libgcc.prologue
                0x00000000        0x0 c:/program files (x86)/atmel/studio/7.0/toolchain/avr8/avr8-gnu-toolchain/bin/../lib/gcc/avr/5.4.0/avrxmega2\libgcc.a(_exit.o)
 .text.libgcc.builtins
                0x00000000        0x0 c:/program files (x86)/atmel/studio/7.0/toolchain/avr8/avr8-gnu-toolchain/bin/../lib/gcc/avr/5.4.0/avrxmega2\libgcc.a(_exit.o)
 .text.libgcc.fmul
                0x00000000        0x0 c:/program files (x86)/atmel/studio/7.0/toolchain/avr8/avr8-gnu-toolchain/bin/../lib/gcc/avr/5.4.0/avrxmega2\libgcc.a(_exit.o)
 .text.libgcc.fixed
                0x00000000        0x0 c:/program files (x86)/atmel/studio/7.0/toolchain/avr8/avr8-gnu-toolchain/bin/../lib/gcc/avr/5.4.0/avrxmega2\libgcc.a(_exit.o)
 .text          0x00000000        0x0 c:/program files (x86)/atmel/studio/7.0/toolchain/avr8/avr8-gnu-toolchain/bin/../lib/gcc/avr/5.4.0/avrxmega2\libgcc.a(_copy_data.o)
 .data          0x00000000        0x0 c:/program files (x86)/atmel/studio/7.0/toolchain/avr8/avr8-gnu-toolchain/bin/../lib/gcc/avr/5.4.0/avrxmega2\libgcc.a(_copy_data.o)
 .bss           0x00000000        0x0 c:/program files (x86)/atmel/studio/7.0/toolchain/avr8/avr8-gnu-toolchain/bin/../lib/gcc/avr/5.4.0/avrxmega2\libgcc.a(_copy_data.o)
 .text.libgcc.mul
                0x00000000        0x0 c:/program files (x86)/atmel/studio/7.0/toolchain/avr8/avr8-gnu-toolchain/bin/../lib/gcc/avr/5.4.0/avrxmega2\libgcc.a(_copy_data.o)
 .text.libgcc.div
                0x00000000        0x0 c:/program files (x86)/atmel/studio/7.0/toolchain/avr8/avr8-gnu-toolchain/bin/../lib/gcc/avr/5.4.0/avrxmega2\libgcc.a(_copy_data.o)
 .text.libgcc   0x00000000        0x0 c:/program files (x86)/atmel/studio/7.0/toolchain/avr8/avr8-gnu-toolchain/bin/../lib/gcc/avr/5.4.0/avrxmega2\libgcc.a(_copy_data.o)
 .text.libgcc.prologue
                0x00000000        0x0 c:/program files (x86)/atmel/studio/7.0/toolchain/avr8/avr8-gnu-toolchain/bin/../lib/gcc/avr/5.4.0/avrxmega2\libgcc.a(_copy_data.o)
 .text.libgcc.builtins
                0x00000000        0x0 c:/program files (x86)/atmel/studio/7.0/toolchain/avr8/avr8-gnu-toolchain/bin/../lib/gcc/avr/5.4.0/avrxmega2\libgcc.a(_copy_data.o)
 .text.libgcc.fmul
                0x00000000        0x0 c:/program files (x86)/atmel/studio/7.0/toolchain/avr8/avr8-gnu-toolchain/bin/../lib/gcc/avr/5.4.0/avrxmega2\libgcc.a(_copy_data.o)
 .text.libgcc.fixed
                0x00000000        0x0 c:/program files (x86)/atmel/studio/7.0/toolchain/avr8/avr8-gnu-toolchain/bin/../lib/gcc/avr/5.4.0/avrxmega2\libgcc.a(_copy_data.o)
 .text          0x00000000        0x0 c:/program files (x86)/atmel/studio/7.0/toolchain/avr8/avr8-gnu-toolchain/bin/../lib/gcc/avr/5.4.0/avrxmega2\libgcc.a(_clear_bss.o)
 .data          0x00000000        0x0 c:/program files (x86)/atmel/studio/7.0/toolchain/avr8/avr8-gnu-toolchain/bin/../lib/gcc/avr/5.4.0/avrxmega2\libgcc.a(_clear_bss.o)
 .bss           0x00000000        0x0 c:/program files (x86)/atmel/studio/7.0/toolchain/avr8/avr8-gnu-toolchain/bin/../lib/gcc/avr/5.4.0/avrxmega2\libgcc.a(_clear_bss.o)
 .text.libgcc.mul
                0x00000000        0x0 c:/program files (x86)/atmel/studio/7.0/toolchain/avr8/avr8-gnu-toolchain/bin/../lib/gcc/avr/5.4.0/avrxmega2\libgcc.a(_clear_bss.o)
 .text.libgcc.div
                0x00000000        0x0 c:/program files (x86)/atmel/studio/7.0/toolchain/avr8/avr8-gnu-toolchain/bin/../lib/gcc/avr/5.4.0/avrxmega2\libgcc.a(_clear_bss.o)
 .text.libgcc   0x00000000        0x0 c:/program files (x86)/atmel/studio/7.0/toolchain/avr8/avr8-gnu-toolchain/bin/../lib/gcc/avr/5.4.0/avrxmega2\libgcc.a(_clear_bss.o)
 .text.libgcc.prologue
                0x00000000        0x0 c:/program files (x86)/atmel/studio/7.0/toolchain/avr8/avr8-gnu-toolchain/bin/../lib/gcc/avr/5.4.0/avrxmega2\libgcc.a(_clear_bss.o)
 .text.libgcc.builtins
                0x00000000        0x0 c:/program files (x86)/atmel/studio/7.0/toolchain/avr8/avr8-gnu-toolchain/bin/../lib/gcc/avr/5.4.0/avrxmega2\libgcc.a(_clear_bss.o)
 .text.libgcc.fmul
                0x00000000        0x0 c:/program files (x86)/atmel/studio/7.0/toolchain/avr8/avr8-gnu-toolchain/bin/../lib/gcc/avr/5.4.0/avrxmega2\libgcc.a(_clear_bss.o)
 .text.libgcc.fixed
                0x00000000        0x0 c:/program files (x86)/atmel/studio/7.0/toolchain/avr8/avr8-gnu-toolchain/bin/../lib/gcc/avr/5.4.0/avrxmega2\libgcc.a(_clear_bss.o)
 .text          0x00000000        0x0 c:/program files (x86)/atmel/studio/7.0/toolchain/avr8/avr8-gnu-toolchain/bin/../lib/gcc/avr/5.4.0/../../../../avr/lib/avrxmega2\libc.a(iob.o)
 .data          0x00000000        0x0 c:/program files (x86)/atmel/studio/7.0/toolchain/avr8/avr8-gnu-toolchain/bin/../lib/gcc/avr/5.4.0/../../../../avr/lib/avrxmega2\libc.a(iob.o)
 .bss           0x00000000        0x0 c:/program files (x86)/atmel/studio/7.0/toolchain/avr8/avr8-gnu-toolchain/bin/../lib/gcc/avr/5.4.0/../../../../avr/lib/avrxmega2\libc.a(iob.o)
 .text          0x00000000        0x0 c:/program files (x86)/atmel/studio/7.0/toolchain/avr8/avr8-gnu-toolchain/bin/../lib/gcc/avr/5.4.0/../../../../avr/lib/avrxmega2\libc.a(putchar.o)
 .data          0x00000000        0x0 c:/program files (x86)/atmel/studio/7.0/toolchain/avr8/avr8-gnu-toolchain/bin/../lib/gcc/avr/5.4.0/../../../../avr/lib/avrxmega2\libc.a(putchar.o)
 .bss           0x00000000        0x0 c:/program files (x86)/atmel/studio/7.0/toolchain/avr8/avr8-gnu-toolchain/bin/../lib/gcc/avr/5.4.0/../../../../avr/lib/avrxmega2\libc.a(putchar.o)
 .text          0x00000000        0x0 c:/program files (x86)/atmel/studio/7.0/toolchain/avr8/avr8-gnu-toolchain/bin/../lib/gcc/avr/5.4.0/../../../../avr/lib/avrxmega2\libc.a(puts.o)
 .data          0x00000000        0x0 c:/program files (x86)/atmel/studio/7.0/toolchain/avr8/avr8-gnu-toolchain/bin/../lib/gcc/avr/5.4.0/../../../../avr/lib/avrxmega2\libc.a(puts.o)
 .bss           0x00000000        0x0 c:/program files (x86)/atmel/studio/7.0/toolchain/avr8/avr8-gnu-toolchain/bin/../lib/gcc/avr/5.4.0/../../../../avr/lib/avrxmega2\libc.a(puts.o)
 .text          0x00000000        0x0 c:/program files (x86)/atmel/studio/7.0/toolchain/avr8/avr8-gnu-toolchain/bin/../lib/gcc/avr/5.4.0/../../../../avr/lib/avrxmega2\libc.a(fputc.o)
 .data          0x00000000        0x0 c:/program files (x86)/atmel/studio/7.0/toolchain/avr8/avr8-gnu-toolchain/bin/../lib/gcc/avr/5.4.0/../../../../avr/lib/avrxmega2\libc.a(fputc.o)
 .bss           0x00000000        0x0 c:/program files (x86)/atmel/studio/7.0/toolchain/avr8/avr8-gnu-toolchain/bin/../lib/gcc/avr/5.4.0/../../../../avr/lib/avrxmega2\libc.a(fputc.o)

Memory Configuration

Name             Origin             Length             Attributes
text             0x00000000         0x00010000         xr
data             0x00806800         0x00001800         rw !x
eeprom           0x00810000         0x00000200         rw !x
fuse             0x00820000         0x00000010         rw !x
lock             0x00830000         0x00000400         rw !x
signature        0x00840000         0x00000400         rw !x
user_signatures  0x00850000         0x00000400         rw !x
*default*        0x00000000         0xffffffff

Linker script and memory map

Address of section .data set to 0x806800
                0x00008000                __RODATA_PM_OFFSET__ = 0x8000
LOAD C:/Users/kiu/.mchp_packs/Microchip/AVR-Ex_DFP/2.3.167/gcc/dev/avr64ea32/avrxmega2/crtavr64ea32.o
LOAD build/default/production/mcc_generated_files/system/src/interrupt.o
LOAD build/default/production/mcc_generated_files/system/src/config_bits.o
LOAD build/default/production/mcc_generated_files/system/src/pins.o
LOAD build/default/production/mcc_generated_files/system/src/system.o
LOAD build/default/production/mcc_generated_files/system/src/protected_io.o
LOAD build/default/production/mcc_generated_files/system/src/clock.o
LOAD build/default/production/mcc_generated_files/timer/src/delay.o
LOAD build/default/production/mcc_generated_files/uart/src/usart0.o
LOAD build/default/production/main.o
                0x00000001                __MPLAB_BUILD = 0x1
START GROUP
LOAD c:/program files (x86)/atmel/studio/7.0/toolchain/avr8/avr8-gnu-toolchain/bin/../lib/gcc/avr/5.4.0/../../../../avr/lib/avrxmega2\libm.a
END GROUP
START GROUP
LOAD c:/program files (x86)/atmel/studio/7.0/toolchain/avr8/avr8-gnu-toolchain/bin/../lib/gcc/avr/5.4.0/avrxmega2\libgcc.a
LOAD c:/program files (x86)/atmel/studio/7.0/toolchain/avr8/avr8-gnu-toolchain/bin/../lib/gcc/avr/5.4.0/../../../../avr/lib/avrxmega2\libm.a
LOAD c:/program files (x86)/atmel/studio/7.0/toolchain/avr8/avr8-gnu-toolchain/bin/../lib/gcc/avr/5.4.0/../../../../avr/lib/avrxmega2\libc.a
LOAD C:/Users/kiu/.mchp_packs/Microchip/AVR-Ex_DFP/2.3.167/gcc/dev/avr64ea32/avrxmega2\libavr64ea32.a
END GROUP
                [0x00000000]                __TEXT_REGION_ORIGIN__ = DEFINED (__TEXT_REGION_ORIGIN__)?__TEXT_REGION_ORIGIN__:0x0
                [0x00806800]                __DATA_REGION_ORIGIN__ = DEFINED (__DATA_REGION_ORIGIN__)?__DATA_REGION_ORIGIN__:0x802000
                [0x00010000]                __TEXT_REGION_LENGTH__ = DEFINED (__TEXT_REGION_LENGTH__)?__TEXT_REGION_LENGTH__:0x100000
                [0x00001800]                __DATA_REGION_LENGTH__ = DEFINED (__DATA_REGION_LENGTH__)?__DATA_REGION_LENGTH__:0xffa0
                [0x00000200]                __EEPROM_REGION_LENGTH__ = DEFINED (__EEPROM_REGION_LENGTH__)?__EEPROM_REGION_LENGTH__:0x10000
                [0x00000010]                __FUSE_REGION_LENGTH__ = DEFINED (__FUSE_REGION_LENGTH__)?__FUSE_REGION_LENGTH__:0x400
                0x00000400                __LOCK_REGION_LENGTH__ = DEFINED (__LOCK_REGION_LENGTH__)?__LOCK_REGION_LENGTH__:0x400
                0x00000400                __SIGNATURE_REGION_LENGTH__ = DEFINED (__SIGNATURE_REGION_LENGTH__)?__SIGNATURE_REGION_LENGTH__:0x400
                0x00000400                __USER_SIGNATURE_REGION_LENGTH__ = DEFINED (__USER_SIGNATURE_REGION_LENGTH__)?__USER_SIGNATURE_REGION_LENGTH__:0x400

.hash
 *(.hash)

.dynsym
 *(.dynsym)

.dynstr
 *(.dynstr)

.gnu.version
 *(.gnu.version)

.gnu.version_d
 *(.gnu.version_d)

.gnu.version_r
 *(.gnu.version_r)

.rel.init
 *(.rel.init)

.rela.init
 *(.rela.init)

.rel.text
 *(.rel.text)
 *(.rel.text.*)
 *(.rel.gnu.linkonce.t*)

.rela.text
 *(.rela.text)
 *(.rela.text.*)
 *(.rela.gnu.linkonce.t*)

.rel.fini
 *(.rel.fini)

.rela.fini
 *(.rela.fini)

.rel.rodata
 *(.rel.rodata)
 *(.rel.rodata.*)
 *(.rel.gnu.linkonce.r*)

.rela.rodata
 *(.rela.rodata)
 *(.rela.rodata.*)
 *(.rela.gnu.linkonce.r*)

.rel.data
 *(.rel.data)
 *(.rel.data.*)
 *(.rel.gnu.linkonce.d*)

.rela.data
 *(.rela.data)
 *(.rela.data.*)
 *(.rela.gnu.linkonce.d*)

.rel.ctors
 *(.rel.ctors)

.rela.ctors
 *(.rela.ctors)

.rel.dtors
 *(.rel.dtors)

.rela.dtors
 *(.rela.dtors)

.rel.got
 *(.rel.got)

.rela.got
 *(.rela.got)

.rel.bss
 *(.rel.bss)

.rela.bss
 *(.rela.bss)

.rel.plt
 *(.rel.plt)

.rela.plt
 *(.rela.plt)

.text           0x00000000      0x524
 *(.vectors)
 .vectors       0x00000000       0x94 C:/Users/kiu/.mchp_packs/Microchip/AVR-Ex_DFP/2.3.167/gcc/dev/avr64ea32/avrxmega2/crtavr64ea32.o
                0x00000000                __vector_default
                0x00000000                __vectors
 *(.vectors)
 *(.progmem.gcc*)
                0x00000094                . = ALIGN (0x2)
                0x00000094                __trampolines_start = .
 *(.trampolines)
 .trampolines   0x00000094        0x0 linker stubs
 *(.trampolines*)
                0x00000094                __trampolines_end = .
 *libprintf_flt.a:*(.progmem.data)
 *libc.a:*(.progmem.data)
 *(.progmem*)
                0x00000094                . = ALIGN (0x2)
 *(.jumptables)
 *(.jumptables*)
 *(.lowtext)
 *(.lowtext*)
                0x00000094                __ctors_start = .
 *(.ctors)
                0x00000094                __ctors_end = .
                0x00000094                __dtors_start = .
 *(.dtors)
                0x00000094                __dtors_end = .
 SORT(*)(.ctors)
 SORT(*)(.dtors)
 *(.init0)
 .init0         0x00000094        0x0 C:/Users/kiu/.mchp_packs/Microchip/AVR-Ex_DFP/2.3.167/gcc/dev/avr64ea32/avrxmega2/crtavr64ea32.o
                0x00000094                __init
 *(.init0)
 *(.init1)
 *(.init1)
 *(.init2)
 .init2         0x00000094        0xc C:/Users/kiu/.mchp_packs/Microchip/AVR-Ex_DFP/2.3.167/gcc/dev/avr64ea32/avrxmega2/crtavr64ea32.o
 *(.init2)
 *(.init3)
 *(.init3)
 *(.init4)
 .init4         0x000000a0       0x16 c:/program files (x86)/atmel/studio/7.0/toolchain/avr8/avr8-gnu-toolchain/bin/../lib/gcc/avr/5.4.0/avrxmega2\libgcc.a(_copy_data.o)
                0x000000a0                __do_copy_data
 .init4         0x000000b6       0x10 c:/program files (x86)/atmel/studio/7.0/toolchain/avr8/avr8-gnu-toolchain/bin/../lib/gcc/avr/5.4.0/avrxmega2\libgcc.a(_clear_bss.o)
                0x000000b6                __do_clear_bss
 *(.init4)
 *(.init5)
 *(.init5)
 *(.init6)
 *(.init6)
 *(.init7)
 *(.init7)
 *(.init8)
 *(.init8)
 *(.init9)
 .init9         0x000000c6        0x8 C:/Users/kiu/.mchp_packs/Microchip/AVR-Ex_DFP/2.3.167/gcc/dev/avr64ea32/avrxmega2/crtavr64ea32.o
 *(.init9)
 *(.text)
 .text          0x000000ce        0x4 C:/Users/kiu/.mchp_packs/Microchip/AVR-Ex_DFP/2.3.167/gcc/dev/avr64ea32/avrxmega2/crtavr64ea32.o
                0x000000ce                __vector_22
                0x000000ce                __vector_28
                0x000000ce                __vector_1
                0x000000ce                __vector_34
                0x000000ce                __vector_24
                0x000000ce                __vector_12
                0x000000ce                __bad_interrupt
                0x000000ce                __vector_6
                0x000000ce                __vector_31
                0x000000ce                __vector_35
                0x000000ce                __vector_3
                0x000000ce                __vector_23
                0x000000ce                __vector_30
                0x000000ce                __vector_25
                0x000000ce                __vector_11
                0x000000ce                __vector_13
                0x000000ce                __vector_17
                0x000000ce                __vector_19
                0x000000ce                __vector_5
                0x000000ce                __vector_33
                0x000000ce                __vector_4
                0x000000ce                __vector_9
                0x000000ce                __vector_2
                0x000000ce                __vector_15
                0x000000ce                __vector_36
                0x000000ce                __vector_29
                0x000000ce                __vector_8
                0x000000ce                __vector_26
                0x000000ce                __vector_14
                0x000000ce                __vector_10
                0x000000ce                __vector_16
                0x000000ce                __vector_18
                0x000000ce                __vector_20
                0x000000d2                . = ALIGN (0x2)
 *(.text.*)
 .text.CPUINT_Initialize
                0x000000d2       0x18 build/default/production/mcc_generated_files/system/src/interrupt.o
                0x000000d2                CPUINT_Initialize
 .text.IO_PA1_DefaultInterruptHandler
                0x000000ea        0x2 build/default/production/mcc_generated_files/system/src/pins.o
                0x000000ea                IO_PA1_DefaultInterruptHandler
 .text.IO_PA0_DefaultInterruptHandler
                0x000000ec        0x2 build/default/production/mcc_generated_files/system/src/pins.o
                0x000000ec                IO_PA0_DefaultInterruptHandler
 .text.IO_PC0_DefaultInterruptHandler
                0x000000ee        0x2 build/default/production/mcc_generated_files/system/src/pins.o
                0x000000ee                IO_PC0_DefaultInterruptHandler
 .text.PIN_MANAGER_Initialize
                0x000000f0       0xd4 build/default/production/mcc_generated_files/system/src/pins.o
                0x000000f0                PIN_MANAGER_Initialize
 .text.__vector_7
                0x000001c4       0x64 build/default/production/mcc_generated_files/system/src/pins.o
                0x000001c4                __vector_7
 .text.__vector_27
                0x00000228       0x56 build/default/production/mcc_generated_files/system/src/pins.o
                0x00000228                __vector_27
 .text.__vector_21
                0x0000027e       0x1c build/default/production/mcc_generated_files/system/src/pins.o
                0x0000027e                __vector_21
 .text.__vector_32
                0x0000029a       0x1c build/default/production/mcc_generated_files/system/src/pins.o
                0x0000029a                __vector_32
 .text.SYSTEM_Initialize
                0x000002b6       0x12 build/default/production/mcc_generated_files/system/src/system.o
                0x000002b6                SYSTEM_Initialize
 .text.protected_write_io
                0x000002c8        0x8 build/default/production/mcc_generated_files/system/src/protected_io.o
                0x000002c8                protected_write_io
 .text.CLOCK_Initialize
                0x000002d0       0x9c build/default/production/mcc_generated_files/system/src/clock.o
                0x000002d0                CLOCK_Initialize
 .text.DELAY_milliseconds
                0x0000036c       0x14 build/default/production/mcc_generated_files/timer/src/delay.o
                0x0000036c                DELAY_milliseconds
 .text.USART0_IsTxReady
                0x00000380        0xc build/default/production/mcc_generated_files/uart/src/usart0.o
                0x00000380                USART0_IsTxReady
 .text.USART0_DefaultFramingErrorCallback
                0x0000038c        0x2 build/default/production/mcc_generated_files/uart/src/usart0.o
 .text.USART0_DefaultOverrunErrorCallback
                0x0000038e        0x2 build/default/production/mcc_generated_files/uart/src/usart0.o
 .text.USART0_DefaultParityErrorCallback
                0x00000390        0x2 build/default/production/mcc_generated_files/uart/src/usart0.o
 .text.USART0_Initialize
                0x00000392       0x58 build/default/production/mcc_generated_files/uart/src/usart0.o
                0x00000392                USART0_Initialize
 .text.USART0_printCHAR
                0x000003ea       0x18 build/default/production/mcc_generated_files/uart/src/usart0.o
                0x000003ea                USART0_printCHAR
 .text.main     0x00000402       0x38 build/default/production/main.o
                0x00000402                main
 .text.avr-libc
                0x0000043a        0xe c:/program files (x86)/atmel/studio/7.0/toolchain/avr8/avr8-gnu-toolchain/bin/../lib/gcc/avr/5.4.0/../../../../avr/lib/avrxmega2\libc.a(putchar.o)
                0x0000043a                putchar
 .text.avr-libc
                0x00000448       0x60 c:/program files (x86)/atmel/studio/7.0/toolchain/avr8/avr8-gnu-toolchain/bin/../lib/gcc/avr/5.4.0/../../../../avr/lib/avrxmega2\libc.a(puts.o)
                0x00000448                puts
 .text.avr-libc
                0x000004a8       0x78 c:/program files (x86)/atmel/studio/7.0/toolchain/avr8/avr8-gnu-toolchain/bin/../lib/gcc/avr/5.4.0/../../../../avr/lib/avrxmega2\libc.a(fputc.o)
                0x000004a8                fputc
                0x00000520                . = ALIGN (0x2)
 *(.fini9)
 .fini9         0x00000520        0x0 c:/program files (x86)/atmel/studio/7.0/toolchain/avr8/avr8-gnu-toolchain/bin/../lib/gcc/avr/5.4.0/avrxmega2\libgcc.a(_exit.o)
                0x00000520                _exit
                0x00000520                exit
 *(.fini9)
 *(.fini8)
 *(.fini8)
 *(.fini7)
 *(.fini7)
 *(.fini6)
 *(.fini6)
 *(.fini5)
 *(.fini5)
 *(.fini4)
 *(.fini4)
 *(.fini3)
 *(.fini3)
 *(.fini2)
 *(.fini2)
 *(.fini1)
 *(.fini1)
 *(.fini0)
 .fini0         0x00000520        0x4 c:/program files (x86)/atmel/studio/7.0/toolchain/avr8/avr8-gnu-toolchain/bin/../lib/gcc/avr/5.4.0/avrxmega2\libgcc.a(_exit.o)
 *(.fini0)
                0x00000524                _etext = .

.data           0x00806800       0x50 load address 0x00000524
                0x00806800                PROVIDE (__data_start, .)
 *(.data)
 *(.data*)
 .data.USART0_stream
                0x00806800        0xe build/default/production/mcc_generated_files/uart/src/usart0.o
                0x00806800                USART0_stream
 *(.gnu.linkonce.d*)
 *(.rodata)
 *(.rodata*)
 .rodata.str1.1
                0x0080680e       0x42 build/default/production/main.o
 *(.gnu.linkonce.r*)
                0x00806850                . = ALIGN (0x2)
                0x00806850                _edata = .
                0x00806850                PROVIDE (__data_end, .)

.bss            0x00806850       0x14
                0x00806850                PROVIDE (__bss_start, .)
 *(.bss)
 *(.bss*)
 .bss.IO_PC0_InterruptHandler
                0x00806850        0x2 build/default/production/mcc_generated_files/system/src/pins.o
 .bss.IO_PA0_InterruptHandler
                0x00806852        0x2 build/default/production/mcc_generated_files/system/src/pins.o
 .bss.IO_PA1_InterruptHandler
                0x00806854        0x2 build/default/production/mcc_generated_files/system/src/pins.o
 .bss.usart0RxLastError
                0x00806856        0x2 build/default/production/mcc_generated_files/uart/src/usart0.o
 *(COMMON)
 COMMON         0x00806858        0x6 build/default/production/mcc_generated_files/uart/src/usart0.o
                0x00806858                USART0_OverrunErrorHandler
                0x0080685a                USART0_FramingErrorHandler
                0x0080685c                USART0_ParityErrorHandler
 COMMON         0x0080685e        0x6 c:/program files (x86)/atmel/studio/7.0/toolchain/avr8/avr8-gnu-toolchain/bin/../lib/gcc/avr/5.4.0/../../../../avr/lib/avrxmega2\libc.a(iob.o)
                0x0080685e                __iob
                0x00806864                PROVIDE (__bss_end, .)
                0x00000524                __data_load_start = LOADADDR (.data)
                0x00000574                __data_load_end = (__data_load_start + SIZEOF (.data))

.noinit         0x00806864        0x0
                [!provide]                PROVIDE (__noinit_start, .)
 *(.noinit*)
                [!provide]                PROVIDE (__noinit_end, .)
                0x00806864                _end = .
                [!provide]                PROVIDE (__heap_start, .)

.eeprom         0x00810000        0x0
 *(.eeprom*)
                0x00810000                __eeprom_end = .

.fuse           0x00820000        0x9
 *(.fuse)
 .fuse          0x00820000        0x9 build/default/production/mcc_generated_files/system/src/config_bits.o
                0x00820000                __fuse
 *(.lfuse)
 *(.hfuse)
 *(.efuse)

.lock
 *(.lock*)

.signature
 *(.signature*)

.user_signatures
 *(.user_signatures*)

.stab
 *(.stab)

.stabstr
 *(.stabstr)

.stab.excl
 *(.stab.excl)

.stab.exclstr
 *(.stab.exclstr)

.stab.index
 *(.stab.index)

.stab.indexstr
 *(.stab.indexstr)

.comment        0x00000000       0x30
 *(.comment)
 .comment       0x00000000       0x30 build/default/production/mcc_generated_files/system/src/interrupt.o
                                 0x31 (size before relaxing)
 .comment       0x00000030       0x31 build/default/production/mcc_generated_files/system/src/config_bits.o
 .comment       0x00000030       0x31 build/default/production/mcc_generated_files/system/src/pins.o
 .comment       0x00000030       0x31 build/default/production/mcc_generated_files/system/src/system.o
 .comment       0x00000030       0x31 build/default/production/mcc_generated_files/system/src/clock.o
 .comment       0x00000030       0x31 build/default/production/mcc_generated_files/timer/src/delay.o
 .comment       0x00000030       0x31 build/default/production/mcc_generated_files/uart/src/usart0.o
 .comment       0x00000030       0x31 build/default/production/main.o
 .comment       0x00000030       0x31 c:/program files (x86)/atmel/studio/7.0/toolchain/avr8/avr8-gnu-toolchain/bin/../lib/gcc/avr/5.4.0/../../../../avr/lib/avrxmega2\libc.a(iob.o)
 .comment       0x00000030       0x31 c:/program files (x86)/atmel/studio/7.0/toolchain/avr8/avr8-gnu-toolchain/bin/../lib/gcc/avr/5.4.0/../../../../avr/lib/avrxmega2\libc.a(putchar.o)
 .comment       0x00000030       0x31 c:/program files (x86)/atmel/studio/7.0/toolchain/avr8/avr8-gnu-toolchain/bin/../lib/gcc/avr/5.4.0/../../../../avr/lib/avrxmega2\libc.a(puts.o)
 .comment       0x00000030       0x31 c:/program files (x86)/atmel/studio/7.0/toolchain/avr8/avr8-gnu-toolchain/bin/../lib/gcc/avr/5.4.0/../../../../avr/lib/avrxmega2\libc.a(fputc.o)

.note.gnu.avr.deviceinfo
                0x00000000       0x3c
 .note.gnu.avr.deviceinfo
                0x00000000       0x3c C:/Users/kiu/.mchp_packs/Microchip/AVR-Ex_DFP/2.3.167/gcc/dev/avr64ea32/avrxmega2/crtavr64ea32.o

.note.gnu.build-id
 *(.note.gnu.build-id)

.debug
 *(.debug)

.line
 *(.line)

.debug_srcinfo
 *(.debug_srcinfo)

.debug_sfnames
 *(.debug_sfnames)

.debug_aranges
 *(.debug_aranges)

.debug_pubnames
 *(.debug_pubnames)

.debug_info     0x00000000     0x2517
 *(.debug_info .gnu.linkonce.wi.*)
 .debug_info    0x00000000     0x2517 C:/Users/kiu/.mchp_packs/Microchip/AVR-Ex_DFP/2.3.167/gcc/dev/avr64ea32/avrxmega2/crtavr64ea32.o

.debug_abbrev   0x00000000     0x2320
 *(.debug_abbrev)
 .debug_abbrev  0x00000000     0x2320 C:/Users/kiu/.mchp_packs/Microchip/AVR-Ex_DFP/2.3.167/gcc/dev/avr64ea32/avrxmega2/crtavr64ea32.o

.debug_line     0x00000000      0x175
 *(.debug_line .debug_line.* .debug_line_end)
 .debug_line    0x00000000      0x175 C:/Users/kiu/.mchp_packs/Microchip/AVR-Ex_DFP/2.3.167/gcc/dev/avr64ea32/avrxmega2/crtavr64ea32.o

.debug_frame
 *(.debug_frame)

.debug_str      0x00000000     0x1052
 *(.debug_str)
 .debug_str     0x00000000     0x1052 C:/Users/kiu/.mchp_packs/Microchip/AVR-Ex_DFP/2.3.167/gcc/dev/avr64ea32/avrxmega2/crtavr64ea32.o

.debug_loc
 *(.debug_loc)

.debug_macinfo
 *(.debug_macinfo)

.debug_weaknames
 *(.debug_weaknames)

.debug_funcnames
 *(.debug_funcnames)

.debug_typenames
 *(.debug_typenames)

.debug_varnames
 *(.debug_varnames)

.debug_pubtypes
 *(.debug_pubtypes)

.debug_ranges
 *(.debug_ranges)

.debug_macro
 *(.debug_macro)
OUTPUT(dist/default/production/nakabo-avr64ea32-hello_world.X.production.elf elf32-avr)
LOAD linker stubs
